// Jest Snapshot v1, https://goo.gl/fbAQLP

exports[`Test in AddCategory should render component 1`] = `
<form
  onSubmit={[Function]}
>
  <input
    onChange={[Function]}
    placeholder="Kimetsu No Yaiba"
    type="text"
    value=""
  />
</form>
`;
