// Jest Snapshot v1, https://goo.gl/fbAQLP

exports[`Test in Gif.js should render component 1`] = `
<div
  className="card animate__animated animate__backInUp"
>
  <img
    alt="Título"
    src="https://example.com"
  />
  <p>
    Título
  </p>
</div>
`;
